
There are no discarded input sections

Memory Configuration

Name             Origin             Length             Attributes
mem              0x00000000         0x00000400
*default*        0x00000000         0xffffffff

Linker script and memory map


.memory         0x00000000      0x204
                0x00000000                        . = 0x0
 start*(.text)
 *(.text)
 .text          0x00000000        0xc ./start.o
                0x00000000                start
 .text          0x0000000c      0x198 ./main.o
                0x0000000c                uart_send_char
                0x00000044                uart_send_str
                0x0000008c                delay_ms
                0x00000120                INIT_UART
                0x00000180                main
 *(*)
 .data          0x000001a4        0x0 ./start.o
 .bss           0x000001a4        0x0 ./start.o
 .riscv.attributes
                0x000001a4       0x1a ./start.o
 .data          0x000001be        0x0 ./main.o
 .bss           0x000001be        0x0 ./main.o
 *fill*         0x000001be        0x2 
 .sbss          0x000001c0        0x8 ./main.o
                0x000001c0                duty
                0x000001c4                cnt
 .sdata         0x000001c8        0x4 ./main.o
                0x000001c8                lux
 .comment       0x000001cc       0x19 ./main.o
                                 0x1a (size before relaxing)
 .note.GNU-stack
                0x000001e5        0x0 ./main.o
 .riscv.attributes
                0x000001e5       0x1c ./main.o
                0x00000201                        end = .
                0x00000204                        . = ALIGN (0x4)
 *fill*         0x00000201        0x3 
LOAD ./start.o
LOAD ./main.o
LOAD /home/do_phong/opt/riscv32/lib/gcc/riscv32-unknown-elf/15.1.0/libgcc.a
OUTPUT(firmware.elf elf32-littleriscv)
